// Jest Snapshot v1, https://goo.gl/fbAQLP

exports[`AllProductsComponent test matches snapshot 1`] = `
<DocumentFragment>
  <h2
    class="carousel-title m-0 p-3 text-dark fs-1"
  >
    ~ All Products ~
  </h2>
  <div
    class="react-multi-carousel-list  bg-primary fade-in"
  >
    <ul
      class="react-multi-carousel-track "
      style="transition: none; overflow: unset; transform: translate3d(200px,0,0);"
    />
  </div>
</DocumentFragment>
`;
