// Jest Snapshot v1, https://goo.gl/fbAQLP

exports[`matches snapshot 1`] = `
<DocumentFragment>
  <footer>
    <div
      class="container"
    >
      <div
        class="row"
      >
        <div
          class="text-center py-1 col"
        >
          <a
            href="https://www.facebook.com"
            target="_blank"
          >
            <i
              class="fab fa-facebook px-4 text-dark "
            />
          </a>
          <a
            href="https://www.instagram.com"
            target="_blank"
          >
            <i
              class="fab fa-instagram px-4 text-dark"
            />
          </a>
          <a
            href="https://www.linkedin.com"
            target="_blank"
          >
            <i
              class="fab fa-linkedin-in px-4 text-dark"
            />
          </a>
          <a
            href="https://www.tiktok.com"
            target="_blank"
          >
            <i
              class="fab fa-tiktok px-4 text-dark"
            />
          </a>
        </div>
      </div>
      <div
        class="row"
      >
        <div
          class="text-center py-1 col"
        >
          Copyright Â© Impresso Espresso
        </div>
      </div>
      <div
        class="row"
      >
        <div
          class="text-center disclaimer col"
        >
          Full Stack Application built using MERN stack as a Capstone Project. NOT A REAL STORE.
        </div>
      </div>
    </div>
  </footer>
</DocumentFragment>
`;
