// Jest Snapshot v1, https://goo.gl/fbAQLP

exports[`test matches snapshot 1`] = `
<DocumentFragment>
  <div
    class="mt-3 fade-in carousel slide carousel-fade"
  >
    <ol
      class="carousel-indicators"
    >
      <li
        class="active"
      />
      <li />
      <li />
    </ol>
    <div
      class="carousel-inner"
    >
      <div
        class="active carousel-item"
      >
        <img
          alt="First slide"
          class="img"
          src="https://res.cloudinary.com/edeneault-cloudinary/image/upload/c_fill,h_400,w_2000/v1630186070/eShop/homepage-carousel/homepage-carousel-coffee-2_e6ue2v.jpg"
        />
        <div
          class="carousel-caption"
        >
          <h3
            class="text-light fs-md-5 slide-title"
          >
            Curated Coffee Selection
          </h3>
          <a
            class="btn btn-secondary rounded slide-btn "
            href="/categories/espresso"
          >
            <span
              class="slide-in"
            >
              SHOP COFFEE
            </span>
          </a>
        </div>
      </div>
      <div
        class="carousel-item"
      >
        <img
          alt="Second slide"
          class="img"
          src="https://res.cloudinary.com/edeneault-cloudinary/image/upload/v1630862474/eShop/homepage-carousel/Carousel-barista_uyypfe.jpg"
        />
        <div
          class="carousel-caption"
        >
          <h3
            class="text-light fs-md-5 slide-title"
          >
            Barista and Coffee Machines
          </h3>
          <a
            class="btn btn-secondary rounded slide-btn"
            href="/categories/barista"
          >
            <span
              class="slide-in"
            >
              SHOP MACHINE
            </span>
          </a>
        </div>
      </div>
      <div
        class="carousel-item"
      >
        <img
          alt="Third slide"
          class="img"
          src="https://res.cloudinary.com/edeneault-cloudinary/image/upload/c_fill,h_400,w_2000/v1630862737/eShop/Depositphotos_187848480_sm-2015_ihw3l3.jpg"
        />
        <div
          class="carousel-caption"
        >
          <h3
            class="text-light fs-md-5 slide-title"
          >
            ACCESSORIES AND MERCHANDISE
          </h3>
          <a
            class="btn btn-secondary rounded slide-btn"
            href="/categories/accessories"
          >
            <span
              class="slide-in"
            >
              SHOP ACCESSORIES
            </span>
          </a>
        </div>
      </div>
    </div>
    <a
      class="carousel-control-prev"
      href="#"
      role="button"
    >
      <span
        aria-hidden="true"
        class="carousel-control-prev-icon"
      />
      <span
        class="sr-only"
      >
        Previous
      </span>
    </a>
    <a
      class="carousel-control-next"
      href="#"
      role="button"
    >
      <span
        aria-hidden="true"
        class="carousel-control-next-icon"
      />
      <span
        class="sr-only"
      >
        Next
      </span>
    </a>
  </div>
</DocumentFragment>
`;
