// Jest Snapshot v1, https://goo.gl/fbAQLP

exports[`test matches snapshot 1`] = `
<DocumentFragment>
  <div
    class="px-5 pt-3 fade-in container-fluid"
  >
    <div
      class="container"
    >
      <div
        class="justify-content-md-center row"
      >
        <div
          class="col-md-6 col-12"
        >
          <div
            class="row"
          >
            <div
              class="col-12"
            >
              <div
                class="justify-content-md-center mb-4 nav"
              >
                <div
                  class="mx-1 px-1 nav-item"
                >
                  <a
                    class="nav-link"
                    data-rb-event-key="/login"
                    href="/login"
                  >
                    Sign In
                  </a>
                </div>
                <div
                  class="mx-1 px-1 nav-item"
                >
                  <a
                    class="nav-link"
                    data-rb-event-key="/shipping"
                    href="/shipping"
                  >
                    Shipping
                  </a>
                </div>
                <div
                  class="mx-1 px-1 nav-item"
                >
                  <a
                    class="nav-link"
                    data-rb-event-key="/payment"
                    href="/payment"
                  >
                    Payment
                  </a>
                </div>
                <div
                  class="mx-1 px-1 nav-item"
                >
                  <a
                    aria-disabled="true"
                    class="nav-link disabled"
                    href="#"
                    role="button"
                    tabindex="-1"
                  >
                    Place Order
                  </a>
                </div>
              </div>
            </div>
          </div>
          <h1>
            Payment Method
          </h1>
          <form
            class=""
          >
            <div
              class="form-group"
            >
              <legend
                class="form-label"
              >
                Select Method
              </legend>
              <div
                class="col"
              >
                <div
                  class="form-check"
                >
                  <input
                    checked=""
                    class="form-check-input"
                    id="Paypal"
                    name="paymentMethod"
                    type="radio"
                    value="PayPal"
                  />
                  <label
                    class="form-check-label"
                    for="Paypal"
                    title=""
                  >
                    Paypal or Credit Card
                  </label>
                </div>
                <div
                  class="form-check"
                >
                  <input
                    class="form-check-input"
                    id="Stripe"
                    name="paymentMethod"
                    type="radio"
                    value="Stripe"
                  />
                  <label
                    class="form-check-label"
                    for="Stripe"
                    title=""
                  >
                    Stripe
                  </label>
                </div>
              </div>
            </div>
            <button
              class="my-2 btn btn-primary"
              type="submit"
            >
              Continue
            </button>
          </form>
        </div>
      </div>
    </div>
  </div>
</DocumentFragment>
`;
