// Jest Snapshot v1, https://goo.gl/fbAQLP

exports[`test matches snapshot 1`] = `
<DocumentFragment>
  <h2
    class="carousel-title m-0 p-3 text-dark fs-1"
  >
    ~ Category espresso ~
  </h2>
  <div
    class="react-multi-carousel-list  fade-in"
  >
    <ul
      class="react-multi-carousel-track "
      style="transition: none; overflow: unset; transform: translate3d(0px,0,0);"
    />
  </div>
  <div
    class="px-5 pt-3 container-fluid"
  >
    <div
      class="row"
    >
      <div
        class="col-xl-3 col-lg-4 col-md-6 col-sm-12"
      >
        <div
          class="my-3 rounded product-card card"
        >
          <a
            href="/products/612bd7e14a0598527a005a69"
          >
            <img
              class="card-img-top p-1 fade-in"
              src="https://res.cloudinary.com/edeneault-cloudinary/image/upload/v1630923314/eShop/kjgv9cx9obl6gbvddohz.jpg"
            />
          </a>
          <div
            class="card-body"
          >
            <div
              class="list-group-flush py-2 list-group"
            >
              <div
                class="list-group-item"
              >
                <a
                  href="/products/612bd7e14a0598527a005a69"
                >
                  <div
                    class="d-block card-title"
                  >
                    <strong>
                       Blue Moon - Espresso Beans
                    </strong>
                  </div>
                </a>
              </div>
              <div
                class="list-group-item"
              >
                <div
                  class="card-text"
                >
                  <div
                    class="rating"
                  >
                    <span>
                      <i
                        class="fas fa-star"
                        style="color: rgb(140, 61, 61);"
                      />
                    </span>
                    <span>
                      <i
                        class="fas fa-star"
                        style="color: rgb(140, 61, 61);"
                      />
                    </span>
                    <span>
                      <i
                        class="fas fa-star"
                        style="color: rgb(140, 61, 61);"
                      />
                    </span>
                    <span>
                      <i
                        class="fas fa-star"
                        style="color: rgb(140, 61, 61);"
                      />
                    </span>
                    <span>
                      <i
                        class="fas fa-star-half-alt"
                        style="color: rgb(140, 61, 61);"
                      />
                    </span>
                    <span>
                       2 reviews
                    </span>
                  </div>
                </div>
              </div>
              <div
                class="price mx-auto list-group-item"
              >
                <h3
                  class="card-text"
                >
                  $8.99
                </h3>
              </div>
            </div>
          </div>
        </div>
      </div>
      <div
        class="col-xl-3 col-lg-4 col-md-6 col-sm-12"
      >
        <div
          class="my-3 rounded product-card card"
        >
          <a
            href="/products/6125d04db949259bdec4de39"
          >
            <img
              class="card-img-top p-1 fade-in"
              src="https://res.cloudinary.com/edeneault-cloudinary/image/upload/v1630783859/eShop/jqfbb27ruehuw9cpvwsp.jpg"
            />
          </a>
          <div
            class="card-body"
          >
            <div
              class="list-group-flush py-2 list-group"
            >
              <div
                class="list-group-item"
              >
                <a
                  href="/products/6125d04db949259bdec4de39"
                >
                  <div
                    class="d-block card-title"
                  >
                    <strong>
                       Lavazza - Super Crema Espresso
                    </strong>
                  </div>
                </a>
              </div>
              <div
                class="list-group-item"
              >
                <div
                  class="card-text"
                >
                  <div
                    class="rating"
                  >
                    <span>
                      <i
                        class="fas fa-star"
                        style="color: rgb(140, 61, 61);"
                      />
                    </span>
                    <span>
                      <i
                        class="fas fa-star"
                        style="color: rgb(140, 61, 61);"
                      />
                    </span>
                    <span>
                      <i
                        class="fas fa-star"
                        style="color: rgb(140, 61, 61);"
                      />
                    </span>
                    <span>
                      <i
                        class="fas fa-star"
                        style="color: rgb(140, 61, 61);"
                      />
                    </span>
                    <span>
                      <i
                        class="fas fa-star"
                        style="color: rgb(140, 61, 61);"
                      />
                    </span>
                    <span>
                       1 reviews
                    </span>
                  </div>
                </div>
              </div>
              <div
                class="price mx-auto list-group-item"
              >
                <h3
                  class="card-text"
                >
                  $39.99
                </h3>
              </div>
            </div>
          </div>
        </div>
      </div>
      <div
        class="col-xl-3 col-lg-4 col-md-6 col-sm-12"
      >
        <div
          class="my-3 rounded product-card card"
        >
          <a
            href="/products/6125d04db949259bdec4de38"
          >
            <img
              class="card-img-top p-1 fade-in"
              src="https://res.cloudinary.com/edeneault-cloudinary/image/upload/v1630784005/eShop/n7vc4qbhavt7gsjadkm7.jpg"
            />
          </a>
          <div
            class="card-body"
          >
            <div
              class="list-group-flush py-2 list-group"
            >
              <div
                class="list-group-item"
              >
                <a
                  href="/products/6125d04db949259bdec4de38"
                >
                  <div
                    class="d-block card-title"
                  >
                    <strong>
                       Damesi - Organic Espresso Italiano
                    </strong>
                  </div>
                </a>
              </div>
              <div
                class="list-group-item"
              >
                <div
                  class="card-text"
                >
                  <div
                    class="rating"
                  >
                    <span>
                      <i
                        class="fas fa-star"
                        style="color: rgb(140, 61, 61);"
                      />
                    </span>
                    <span>
                      <i
                        class="fas fa-star"
                        style="color: rgb(140, 61, 61);"
                      />
                    </span>
                    <span>
                      <i
                        class="fas fa-star"
                        style="color: rgb(140, 61, 61);"
                      />
                    </span>
                    <span>
                      <i
                        class="fas fa-star"
                        style="color: rgb(140, 61, 61);"
                      />
                    </span>
                    <span>
                      <i
                        class="far fa-star"
                        style="color: rgb(140, 61, 61);"
                      />
                    </span>
                    <span>
                       2 reviews
                    </span>
                  </div>
                </div>
              </div>
              <div
                class="price mx-auto list-group-item"
              >
                <h3
                  class="card-text"
                >
                  $11.99
                </h3>
              </div>
            </div>
          </div>
        </div>
      </div>
      <div
        class="col-xl-3 col-lg-4 col-md-6 col-sm-12"
      >
        <div
          class="my-3 rounded product-card card"
        >
          <a
            href="/products/6125d04db949259bdec4de3a"
          >
            <img
              class="card-img-top p-1 fade-in"
              src="https://res.cloudinary.com/edeneault-cloudinary/image/upload/v1630782951/eShop/whsbs3qytgxaw2sk8alm.jpg"
            />
          </a>
          <div
            class="card-body"
          >
            <div
              class="list-group-flush py-2 list-group"
            >
              <div
                class="list-group-item"
              >
                <a
                  href="/products/6125d04db949259bdec4de3a"
                >
                  <div
                    class="d-block card-title"
                  >
                    <strong>
                       Illy - Espresso 100% Arabica
                    </strong>
                  </div>
                </a>
              </div>
              <div
                class="list-group-item"
              >
                <div
                  class="card-text"
                >
                  <div
                    class="rating"
                  >
                    <span>
                      <i
                        class="fas fa-star"
                        style="color: rgb(140, 61, 61);"
                      />
                    </span>
                    <span>
                      <i
                        class="fas fa-star"
                        style="color: rgb(140, 61, 61);"
                      />
                    </span>
                    <span>
                      <i
                        class="fas fa-star"
                        style="color: rgb(140, 61, 61);"
                      />
                    </span>
                    <span>
                      <i
                        class="fas fa-star"
                        style="color: rgb(140, 61, 61);"
                      />
                    </span>
                    <span>
                      <i
                        class="fas fa-star"
                        style="color: rgb(140, 61, 61);"
                      />
                    </span>
                    <span>
                       1 reviews
                    </span>
                  </div>
                </div>
              </div>
              <div
                class="price mx-auto list-group-item"
              >
                <h3
                  class="card-text"
                >
                  $14.99
                </h3>
              </div>
            </div>
          </div>
        </div>
      </div>
      <div
        class="col-xl-3 col-lg-4 col-md-6 col-sm-12"
      >
        <div
          class="my-3 rounded product-card card"
        >
          <a
            href="/products/6125d04db949259bdec4de3c"
          >
            <img
              class="card-img-top p-1 fade-in"
              src="https://res.cloudinary.com/edeneault-cloudinary/image/upload/v1630783263/eShop/sqiwu5ummm4y1to3cp5o.jpg"
            />
          </a>
          <div
            class="card-body"
          >
            <div
              class="list-group-flush py-2 list-group"
            >
              <div
                class="list-group-item"
              >
                <a
                  href="/products/6125d04db949259bdec4de3c"
                >
                  <div
                    class="d-block card-title"
                  >
                    <strong>
                       Lavazza - Espresso - Medium Roast
                    </strong>
                  </div>
                </a>
              </div>
              <div
                class="list-group-item"
              >
                <div
                  class="card-text"
                >
                  <div
                    class="rating"
                  >
                    <span>
                      <i
                        class="fas fa-star"
                        style="color: rgb(140, 61, 61);"
                      />
                    </span>
                    <span>
                      <i
                        class="fas fa-star"
                        style="color: rgb(140, 61, 61);"
                      />
                    </span>
                    <span>
                      <i
                        class="fas fa-star"
                        style="color: rgb(140, 61, 61);"
                      />
                    </span>
                    <span>
                      <i
                        class="fas fa-star-half-alt"
                        style="color: rgb(140, 61, 61);"
                      />
                    </span>
                    <span>
                      <i
                        class="far fa-star"
                        style="color: rgb(140, 61, 61);"
                      />
                    </span>
                    <span>
                       10 reviews
                    </span>
                  </div>
                </div>
              </div>
              <div
                class="price mx-auto list-group-item"
              >
                <h3
                  class="card-text"
                >
                  $9.99
                </h3>
              </div>
            </div>
          </div>
        </div>
      </div>
      <div
        class="col-xl-3 col-lg-4 col-md-6 col-sm-12"
      >
        <div
          class="my-3 rounded product-card card"
        >
          <a
            href="/products/61306f847ef9b1460b0f6c75"
          >
            <img
              class="card-img-top p-1 fade-in"
              src="https://res.cloudinary.com/edeneault-cloudinary/image/upload/v1630785512/eShop/gvqcgmyd7wqdxexqte1t.jpg"
            />
          </a>
          <div
            class="card-body"
          >
            <div
              class="list-group-flush py-2 list-group"
            >
              <div
                class="list-group-item"
              >
                <a
                  href="/products/61306f847ef9b1460b0f6c75"
                >
                  <div
                    class="d-block card-title"
                  >
                    <strong>
                       Italian Coffee - Compatible pods
                    </strong>
                  </div>
                </a>
              </div>
              <div
                class="list-group-item"
              >
                <div
                  class="card-text"
                >
                  <div
                    class="rating"
                  >
                    <span>
                      <i
                        class="far fa-star"
                        style="color: rgb(140, 61, 61);"
                      />
                    </span>
                    <span>
                      <i
                        class="far fa-star"
                        style="color: rgb(140, 61, 61);"
                      />
                    </span>
                    <span>
                      <i
                        class="far fa-star"
                        style="color: rgb(140, 61, 61);"
                      />
                    </span>
                    <span>
                      <i
                        class="far fa-star"
                        style="color: rgb(140, 61, 61);"
                      />
                    </span>
                    <span>
                      <i
                        class="far fa-star"
                        style="color: rgb(140, 61, 61);"
                      />
                    </span>
                    <span>
                       0 reviews
                    </span>
                  </div>
                </div>
              </div>
              <div
                class="price mx-auto list-group-item"
              >
                <h3
                  class="card-text"
                >
                  $25
                </h3>
              </div>
            </div>
          </div>
        </div>
      </div>
      <div
        class="col-xl-3 col-lg-4 col-md-6 col-sm-12"
      >
        <div
          class="my-3 rounded product-card card"
        >
          <a
            href="/products/61306f7d7ef9b1460b0f6c6c"
          >
            <img
              class="card-img-top p-1 fade-in"
              src="https://res.cloudinary.com/edeneault-cloudinary/image/upload/v1630786349/eShop/yt55uakwnkvkfrxck7oj.jpg"
            />
          </a>
          <div
            class="card-body"
          >
            <div
              class="list-group-flush py-2 list-group"
            >
              <div
                class="list-group-item"
              >
                <a
                  href="/products/61306f7d7ef9b1460b0f6c6c"
                >
                  <div
                    class="d-block card-title"
                  >
                    <strong>
                       Espresso Capsules Sampler Bundle
                    </strong>
                  </div>
                </a>
              </div>
              <div
                class="list-group-item"
              >
                <div
                  class="card-text"
                >
                  <div
                    class="rating"
                  >
                    <span>
                      <i
                        class="fas fa-star"
                        style="color: rgb(140, 61, 61);"
                      />
                    </span>
                    <span>
                      <i
                        class="fas fa-star"
                        style="color: rgb(140, 61, 61);"
                      />
                    </span>
                    <span>
                      <i
                        class="fas fa-star"
                        style="color: rgb(140, 61, 61);"
                      />
                    </span>
                    <span>
                      <i
                        class="fas fa-star"
                        style="color: rgb(140, 61, 61);"
                      />
                    </span>
                    <span>
                      <i
                        class="fas fa-star"
                        style="color: rgb(140, 61, 61);"
                      />
                    </span>
                    <span>
                       1 reviews
                    </span>
                  </div>
                </div>
              </div>
              <div
                class="price mx-auto list-group-item"
              >
                <h3
                  class="card-text"
                >
                  $35.99
                </h3>
              </div>
            </div>
          </div>
        </div>
      </div>
    </div>
  </div>
</DocumentFragment>
`;
