// Jest Snapshot v1, https://goo.gl/fbAQLP

exports[`test matches snapshot 1`] = `
<DocumentFragment>
  <div
    class="container"
  >
    <div
      class="justify-content-md-center row"
    >
      <div
        class="col-md-6 col-12"
      >
        <h1>
          Sign Up
        </h1>
        <form
          class=""
        >
          <div
            class="form-group"
          >
            <label
              class="form-label"
              for="name"
            >
              Name
            </label>
            <input
              class="form-control"
              id="name"
              placeholder="Enter name"
              type="name"
              value=""
            />
          </div>
          <div
            class="form-group"
          >
            <label
              class="form-label"
              for="email"
            >
              Email Address
            </label>
            <input
              class="form-control"
              id="email"
              placeholder="Enter email"
              type="email"
              value=""
            />
          </div>
          <div
            class="form-group"
          >
            <label
              class="form-label"
              for="password"
            >
              Password
            </label>
            <input
              class="form-control"
              id="password"
              placeholder="Enter password"
              type="password"
              value=""
            />
          </div>
          <div
            class="form-group"
          >
            <label
              class="form-label"
              for="confirmPassword"
            >
              Confirm Password
            </label>
            <input
              class="form-control"
              id="confirmPassword"
              placeholder="Confirm password"
              type="confirmPassword"
              value=""
            />
          </div>
          <button
            class="my-2 btn btn-primary"
            type="submit"
          >
            Register
          </button>
        </form>
        <div
          class="py-3 row"
        >
          <div
            class="col"
          >
            Have an account? 
            <a
              href="/login?redirect=/"
            >
              Login
            </a>
          </div>
        </div>
      </div>
    </div>
  </div>
</DocumentFragment>
`;
