// Jest Snapshot v1, https://goo.gl/fbAQLP

exports[`test matches snapshot 1`] = `
<DocumentFragment>
  <div
    class="px-5 pt-3 container-fluid"
  >
    <div
      class="container"
    >
      <div
        class="justify-content-md-center row"
      >
        <div
          class="col-md-6 col-12"
        >
          <div
            class="row"
          >
            <div
              class="col-12"
            >
              <div
                class="justify-content-md-center mb-4 nav"
              >
                <div
                  class="mx-1 px-1 nav-item"
                >
                  <a
                    class="nav-link"
                    data-rb-event-key="/login"
                    href="/login"
                  >
                    Sign In
                  </a>
                </div>
                <div
                  class="mx-1 px-1 nav-item"
                >
                  <a
                    class="active nav-link"
                    data-rb-event-key="/shipping"
                    href="/shipping"
                  >
                    Shipping
                  </a>
                </div>
                <div
                  class="mx-1 px-1 nav-item"
                >
                  <a
                    aria-disabled="true"
                    class="nav-link disabled"
                    href="#"
                    role="button"
                    tabindex="-1"
                  >
                    Payment
                  </a>
                </div>
                <div
                  class="mx-1 px-1 nav-item"
                >
                  <a
                    aria-disabled="true"
                    class="nav-link disabled"
                    href="#"
                    role="button"
                    tabindex="-1"
                  >
                    Place Order
                  </a>
                </div>
              </div>
            </div>
          </div>
          <h1>
            Shipping
          </h1>
          <form
            class=""
          >
            <div
              class="form-group"
            >
              <label
                class="form-label"
                for="Address"
              >
                Address
              </label>
              <input
                class="form-control"
                id="Address"
                placeholder="Enter Address"
                required=""
                type="text"
                value="9620 W. Russell Rd   APT 1025"
              />
            </div>
            <div
              class="form-group"
            >
              <label
                class="form-label"
                for="City"
              >
                City
              </label>
              <input
                class="form-control"
                id="City"
                placeholder="Enter City"
                required=""
                type="text"
                value="Las Vegas"
              />
            </div>
            <div
              class="form-group"
            >
              <label
                class="form-label"
                for="PostalCode"
              >
                PostalCode
              </label>
              <input
                class="form-control"
                id="PostalCode"
                placeholder="Enter PostalCode"
                required=""
                type="text"
                value="89148"
              />
            </div>
            <div
              class="form-group"
            >
              <label
                class="form-label"
                for="country"
              >
                country
              </label>
              <input
                class="form-control"
                id="country"
                placeholder="Enter country"
                required=""
                type="text"
                value="United States"
              />
            </div>
            <button
              class=" rounded my-2 btn btn-primary"
              type="submit"
            >
              Continue
            </button>
          </form>
        </div>
      </div>
    </div>
  </div>
</DocumentFragment>
`;
